\BOOKMARK [0][-]{chapter.1}{\376\377\0001\000\040\004\020\004\073\004\104\004\060\004\062\004\070\004\102\004\075\004\113\004\071\000\040\004\103\004\072\004\060\004\067\004\060\004\102\004\065\004\073\004\114\000\040\004\072\004\073\004\060\004\101\004\101\004\076\004\062}{}% 1
\BOOKMARK [1][-]{section.1.1}{\376\377\0001\000.\0001\000\040\004\032\004\073\004\060\004\101\004\101\004\113}{chapter.1}% 2
\BOOKMARK [0][-]{chapter.2}{\376\377\0002\000\040\004\041\004\077\004\070\004\101\004\076\004\072\000\040\004\104\004\060\004\071\004\073\004\076\004\062}{}% 3
\BOOKMARK [1][-]{section.2.1}{\376\377\0002\000.\0001\000\040\004\044\004\060\004\071\004\073\004\113}{chapter.2}% 4
\BOOKMARK [0][-]{chapter.3}{\376\377\0003\000\040\004\032\004\073\004\060\004\101\004\101\004\113}{}% 5
\BOOKMARK [1][-]{section.3.1}{\376\377\0003\000.\0001\000\040\004\032\004\073\004\060\004\101\004\101\000\040\000A\000u\000t\000h\000e\000n\000t\000i\000c\000a\000t\000o\000r}{chapter.3}% 6
\BOOKMARK [2][-]{subsection.3.1.1}{\376\377\0003\000.\0001\000.\0001\000\040\004\037\004\076\004\064\004\100\004\076\004\061\004\075\004\076\004\065\000\040\004\076\004\077\004\070\004\101\004\060\004\075\004\070\004\065}{section.3.1}% 7
\BOOKMARK [2][-]{subsection.3.1.2}{\376\377\0003\000.\0001\000.\0002\000\040\004\034\004\065\004\102\004\076\004\064\004\113}{section.3.1}% 8
\BOOKMARK [3][-]{subsubsection.3.1.2.1}{\376\377\0003\000.\0001\000.\0002\000.\0001\000\040\000g\000e\000n\000e\000r\000a\000t\000e\000S\000a\000l\000t\000\050\000\051}{subsection.3.1.2}% 9
\BOOKMARK [3][-]{subsubsection.3.1.2.2}{\376\377\0003\000.\0001\000.\0002\000.\0002\000\040\000h\000a\000s\000h\000P\000a\000s\000s\000w\000o\000r\000d\000\050\000\051}{subsection.3.1.2}% 10
\BOOKMARK [3][-]{subsubsection.3.1.2.3}{\376\377\0003\000.\0001\000.\0002\000.\0003\000\040\000t\000o\000H\000e\000x\000S\000t\000r\000i\000n\000g\000\050\000\051}{subsection.3.1.2}% 11
\BOOKMARK [3][-]{subsubsection.3.1.2.4}{\376\377\0003\000.\0001\000.\0002\000.\0004\000\040\000v\000e\000r\000i\000f\000y\000P\000a\000s\000s\000w\000o\000r\000d\000\050\000\051}{subsection.3.1.2}% 12
\BOOKMARK [1][-]{section.3.2}{\376\377\0003\000.\0002\000\040\004\032\004\073\004\060\004\101\004\101\000\040\000C\000l\000i\000e\000n\000t\000D\000a\000t\000a\000b\000a\000s\000e}{chapter.3}% 13
\BOOKMARK [2][-]{subsection.3.2.1}{\376\377\0003\000.\0002\000.\0001\000\040\004\037\004\076\004\064\004\100\004\076\004\061\004\075\004\076\004\065\000\040\004\076\004\077\004\070\004\101\004\060\004\075\004\070\004\065}{section.3.2}% 14
\BOOKMARK [2][-]{subsection.3.2.2}{\376\377\0003\000.\0002\000.\0002\000\040\004\034\004\065\004\102\004\076\004\064\004\113}{section.3.2}% 15
\BOOKMARK [3][-]{subsubsection.3.2.2.1}{\376\377\0003\000.\0002\000.\0002\000.\0001\000\040\000g\000e\000t\000P\000a\000s\000s\000w\000o\000r\000d\000\050\000\051}{subsection.3.2.2}% 16
\BOOKMARK [3][-]{subsubsection.3.2.2.2}{\376\377\0003\000.\0002\000.\0002\000.\0002\000\040\000l\000o\000a\000d\000F\000r\000o\000m\000F\000i\000l\000e\000\050\000\051}{subsection.3.2.2}% 17
\BOOKMARK [3][-]{subsubsection.3.2.2.3}{\376\377\0003\000.\0002\000.\0002\000.\0003\000\040\000u\000s\000e\000r\000E\000x\000i\000s\000t\000s\000\050\000\051}{subsection.3.2.2}% 18
\BOOKMARK [1][-]{section.3.3}{\376\377\0003\000.\0003\000\040\004\032\004\073\004\060\004\101\004\101\000\040\000C\000o\000n\000f\000i\000g\000u\000r\000a\000t\000i\000o\000n}{chapter.3}% 19
\BOOKMARK [2][-]{subsection.3.3.1}{\376\377\0003\000.\0003\000.\0001\000\040\004\037\004\076\004\064\004\100\004\076\004\061\004\075\004\076\004\065\000\040\004\076\004\077\004\070\004\101\004\060\004\075\004\070\004\065}{section.3.3}% 20
\BOOKMARK [2][-]{subsection.3.3.2}{\376\377\0003\000.\0003\000.\0002\000\040\004\034\004\065\004\102\004\076\004\064\004\113}{section.3.3}% 21
\BOOKMARK [3][-]{subsubsection.3.3.2.1}{\376\377\0003\000.\0003\000.\0002\000.\0001\000\040\000g\000e\000t\000C\000l\000i\000e\000n\000t\000D\000B\000F\000i\000l\000e\000\050\000\051}{subsection.3.3.2}% 22
\BOOKMARK [3][-]{subsubsection.3.3.2.2}{\376\377\0003\000.\0003\000.\0002\000.\0002\000\040\000g\000e\000t\000L\000o\000g\000F\000i\000l\000e\000\050\000\051}{subsection.3.3.2}% 23
\BOOKMARK [3][-]{subsubsection.3.3.2.3}{\376\377\0003\000.\0003\000.\0002\000.\0003\000\040\000g\000e\000t\000P\000o\000r\000t\000\050\000\051}{subsection.3.3.2}% 24
\BOOKMARK [3][-]{subsubsection.3.3.2.4}{\376\377\0003\000.\0003\000.\0002\000.\0004\000\040\000p\000a\000r\000s\000e\000C\000o\000m\000m\000a\000n\000d\000L\000i\000n\000e\000\050\000\051}{subsection.3.3.2}% 25
\BOOKMARK [1][-]{section.3.4}{\376\377\0003\000.\0004\000\040\004\032\004\073\004\060\004\101\004\101\000\040\000C\000o\000n\000n\000e\000c\000t\000i\000o\000n\000H\000a\000n\000d\000l\000e\000r}{chapter.3}% 26
\BOOKMARK [2][-]{subsection.3.4.1}{\376\377\0003\000.\0004\000.\0001\000\040\004\037\004\076\004\064\004\100\004\076\004\061\004\075\004\076\004\065\000\040\004\076\004\077\004\070\004\101\004\060\004\075\004\070\004\065}{section.3.4}% 27
\BOOKMARK [2][-]{subsection.3.4.2}{\376\377\0003\000.\0004\000.\0002\000\040\004\032\004\076\004\075\004\101\004\102\004\100\004\103\004\072\004\102\004\076\004\100\000\050\004\113\000\051}{section.3.4}% 28
\BOOKMARK [3][-]{subsubsection.3.4.2.1}{\376\377\0003\000.\0004\000.\0002\000.\0001\000\040\000C\000o\000n\000n\000e\000c\000t\000i\000o\000n\000H\000a\000n\000d\000l\000e\000r\000\050\000\051}{subsection.3.4.2}% 29
\BOOKMARK [2][-]{subsection.3.4.3}{\376\377\0003\000.\0004\000.\0003\000\040\004\034\004\065\004\102\004\076\004\064\004\113}{section.3.4}% 30
\BOOKMARK [3][-]{subsubsection.3.4.3.1}{\376\377\0003\000.\0004\000.\0003\000.\0001\000\040\000a\000u\000t\000h\000e\000n\000t\000i\000c\000a\000t\000e\000C\000l\000i\000e\000n\000t\000\050\000\051}{subsection.3.4.3}% 31
\BOOKMARK [3][-]{subsubsection.3.4.3.2}{\376\377\0003\000.\0004\000.\0003\000.\0002\000\040\000h\000a\000n\000d\000l\000e\000C\000o\000n\000n\000e\000c\000t\000i\000o\000n\000\050\000\051}{subsection.3.4.3}% 32
\BOOKMARK [3][-]{subsubsection.3.4.3.3}{\376\377\0003\000.\0004\000.\0003\000.\0003\000\040\000p\000r\000o\000c\000e\000s\000s\000D\000a\000t\000a\000\050\000\051}{subsection.3.4.3}% 33
\BOOKMARK [3][-]{subsubsection.3.4.3.4}{\376\377\0003\000.\0004\000.\0003\000.\0004\000\040\000r\000e\000c\000e\000i\000v\000e\000E\000x\000a\000c\000t\000l\000y\000\050\000\051}{subsection.3.4.3}% 34
\BOOKMARK [3][-]{subsubsection.3.4.3.5}{\376\377\0003\000.\0004\000.\0003\000.\0005\000\040\000r\000e\000c\000e\000i\000v\000e\000W\000i\000t\000h\000T\000i\000m\000e\000o\000u\000t\000\050\000\051}{subsection.3.4.3}% 35
\BOOKMARK [3][-]{subsubsection.3.4.3.6}{\376\377\0003\000.\0004\000.\0003\000.\0006\000\040\000r\000e\000c\000v\000W\000i\000t\000h\000T\000i\000m\000e\000o\000u\000t\000\050\000\051}{subsection.3.4.3}% 36
\BOOKMARK [3][-]{subsubsection.3.4.3.7}{\376\377\0003\000.\0004\000.\0003\000.\0007\000\040\000s\000e\000n\000d\000E\000x\000a\000c\000t\000l\000y\000\050\000\051}{subsection.3.4.3}% 37
\BOOKMARK [3][-]{subsubsection.3.4.3.8}{\376\377\0003\000.\0004\000.\0003\000.\0008\000\040\000w\000a\000i\000t\000F\000o\000r\000D\000a\000t\000a\000\050\000\051}{subsection.3.4.3}% 38
\BOOKMARK [1][-]{section.3.5}{\376\377\0003\000.\0005\000\040\004\032\004\073\004\060\004\101\004\101\000\040\000D\000a\000t\000a\000P\000r\000o\000c\000e\000s\000s\000o\000r}{chapter.3}% 39
\BOOKMARK [2][-]{subsection.3.5.1}{\376\377\0003\000.\0005\000.\0001\000\040\004\037\004\076\004\064\004\100\004\076\004\061\004\075\004\076\004\065\000\040\004\076\004\077\004\070\004\101\004\060\004\075\004\070\004\065}{section.3.5}% 40
\BOOKMARK [2][-]{subsection.3.5.2}{\376\377\0003\000.\0005\000.\0002\000\040\004\034\004\065\004\102\004\076\004\064\004\113}{section.3.5}% 41
\BOOKMARK [3][-]{subsubsection.3.5.2.1}{\376\377\0003\000.\0005\000.\0002\000.\0001\000\040\000c\000a\000l\000c\000u\000l\000a\000t\000e\000A\000v\000e\000r\000a\000g\000e\000\050\000\051}{subsection.3.5.2}% 42
\BOOKMARK [3][-]{subsubsection.3.5.2.2}{\376\377\0003\000.\0005\000.\0002\000.\0002\000\040\000h\000a\000n\000d\000l\000e\000O\000v\000e\000r\000f\000l\000o\000w\000\050\000\051}{subsection.3.5.2}% 43
\BOOKMARK [1][-]{section.3.6}{\376\377\0003\000.\0006\000\040\004\032\004\073\004\060\004\101\004\101\000\040\000L\000o\000g\000g\000e\000r}{chapter.3}% 44
\BOOKMARK [2][-]{subsection.3.6.1}{\376\377\0003\000.\0006\000.\0001\000\040\004\037\004\076\004\064\004\100\004\076\004\061\004\075\004\076\004\065\000\040\004\076\004\077\004\070\004\101\004\060\004\075\004\070\004\065}{section.3.6}% 45
\BOOKMARK [2][-]{subsection.3.6.2}{\376\377\0003\000.\0006\000.\0002\000\040\004\034\004\065\004\102\004\076\004\064\004\113}{section.3.6}% 46
\BOOKMARK [3][-]{subsubsection.3.6.2.1}{\376\377\0003\000.\0006\000.\0002\000.\0001\000\040\000g\000e\000t\000C\000u\000r\000r\000e\000n\000t\000T\000i\000m\000e\000\050\000\051}{subsection.3.6.2}% 47
\BOOKMARK [3][-]{subsubsection.3.6.2.2}{\376\377\0003\000.\0006\000.\0002\000.\0002\000\040\000i\000n\000i\000t\000i\000a\000l\000i\000z\000e\000\050\000\051}{subsection.3.6.2}% 48
\BOOKMARK [3][-]{subsubsection.3.6.2.3}{\376\377\0003\000.\0006\000.\0002\000.\0003\000\040\000l\000o\000g\000E\000r\000r\000o\000r\000\050\000\051}{subsection.3.6.2}% 49
\BOOKMARK [3][-]{subsubsection.3.6.2.4}{\376\377\0003\000.\0006\000.\0002\000.\0004\000\040\000l\000o\000g\000I\000n\000f\000o\000\050\000\051}{subsection.3.6.2}% 50
\BOOKMARK [1][-]{section.3.7}{\376\377\0003\000.\0007\000\040\004\032\004\073\004\060\004\101\004\101\000\040\000S\000e\000r\000v\000e\000r}{chapter.3}% 51
\BOOKMARK [2][-]{subsection.3.7.1}{\376\377\0003\000.\0007\000.\0001\000\040\004\037\004\076\004\064\004\100\004\076\004\061\004\075\004\076\004\065\000\040\004\076\004\077\004\070\004\101\004\060\004\075\004\070\004\065}{section.3.7}% 52
\BOOKMARK [2][-]{subsection.3.7.2}{\376\377\0003\000.\0007\000.\0002\000\040\004\032\004\076\004\075\004\101\004\102\004\100\004\103\004\072\004\102\004\076\004\100\000\050\004\113\000\051}{section.3.7}% 53
\BOOKMARK [3][-]{subsubsection.3.7.2.1}{\376\377\0003\000.\0007\000.\0002\000.\0001\000\040\000\040\000S\000e\000r\000v\000e\000r\000\050\000\051}{subsection.3.7.2}% 54
\BOOKMARK [2][-]{subsection.3.7.3}{\376\377\0003\000.\0007\000.\0003\000\040\004\034\004\065\004\102\004\076\004\064\004\113}{section.3.7}% 55
\BOOKMARK [3][-]{subsubsection.3.7.3.1}{\376\377\0003\000.\0007\000.\0003\000.\0001\000\040\000a\000c\000c\000e\000p\000t\000C\000o\000n\000n\000e\000c\000t\000i\000o\000n\000s\000\050\000\051}{subsection.3.7.3}% 56
\BOOKMARK [3][-]{subsubsection.3.7.3.2}{\376\377\0003\000.\0007\000.\0003\000.\0002\000\040\000i\000n\000i\000t\000i\000a\000l\000i\000z\000e\000S\000o\000c\000k\000e\000t\000\050\000\051}{subsection.3.7.3}% 57
\BOOKMARK [3][-]{subsubsection.3.7.3.3}{\376\377\0003\000.\0007\000.\0003\000.\0003\000\040\000s\000t\000a\000r\000t\000\050\000\051}{subsection.3.7.3}% 58
\BOOKMARK [3][-]{subsubsection.3.7.3.4}{\376\377\0003\000.\0007\000.\0003\000.\0004\000\040\000s\000t\000o\000p\000\050\000\051}{subsection.3.7.3}% 59
\BOOKMARK [0][-]{chapter.4}{\376\377\0004\000\040\004\044\004\060\004\071\004\073\004\113}{}% 60
\BOOKMARK [1][-]{section.4.1}{\376\377\0004\000.\0001\000\040\004\044\004\060\004\071\004\073\000\040\000A\000u\000t\000h\000e\000n\000t\000i\000c\000a\000t\000o\000r\000.\000c\000p\000p}{chapter.4}% 61
\BOOKMARK [2][-]{subsection.4.1.1}{\376\377\0004\000.\0001\000.\0001\000\040\004\037\004\076\004\064\004\100\004\076\004\061\004\075\004\076\004\065\000\040\004\076\004\077\004\070\004\101\004\060\004\075\004\070\004\065}{section.4.1}% 62
\BOOKMARK [1][-]{section.4.2}{\376\377\0004\000.\0002\000\040\004\044\004\060\004\071\004\073\000\040\000A\000u\000t\000h\000e\000n\000t\000i\000c\000a\000t\000o\000r\000.\000h}{chapter.4}% 63
\BOOKMARK [2][-]{subsection.4.2.1}{\376\377\0004\000.\0002\000.\0001\000\040\004\037\004\076\004\064\004\100\004\076\004\061\004\075\004\076\004\065\000\040\004\076\004\077\004\070\004\101\004\060\004\075\004\070\004\065}{section.4.2}% 64
\BOOKMARK [1][-]{section.4.3}{\376\377\0004\000.\0003\000\040\000A\000u\000t\000h\000e\000n\000t\000i\000c\000a\000t\000o\000r\000.\000h}{chapter.4}% 65
\BOOKMARK [1][-]{section.4.4}{\376\377\0004\000.\0004\000\040\004\044\004\060\004\071\004\073\000\040\000C\000l\000i\000e\000n\000t\000D\000a\000t\000a\000b\000a\000s\000e\000.\000c\000p\000p}{chapter.4}% 66
\BOOKMARK [2][-]{subsection.4.4.1}{\376\377\0004\000.\0004\000.\0001\000\040\004\037\004\076\004\064\004\100\004\076\004\061\004\075\004\076\004\065\000\040\004\076\004\077\004\070\004\101\004\060\004\075\004\070\004\065}{section.4.4}% 67
\BOOKMARK [1][-]{section.4.5}{\376\377\0004\000.\0005\000\040\004\044\004\060\004\071\004\073\000\040\000C\000l\000i\000e\000n\000t\000D\000a\000t\000a\000b\000a\000s\000e\000.\000h}{chapter.4}% 68
\BOOKMARK [2][-]{subsection.4.5.1}{\376\377\0004\000.\0005\000.\0001\000\040\004\037\004\076\004\064\004\100\004\076\004\061\004\075\004\076\004\065\000\040\004\076\004\077\004\070\004\101\004\060\004\075\004\070\004\065}{section.4.5}% 69
\BOOKMARK [1][-]{section.4.6}{\376\377\0004\000.\0006\000\040\000C\000l\000i\000e\000n\000t\000D\000a\000t\000a\000b\000a\000s\000e\000.\000h}{chapter.4}% 70
\BOOKMARK [1][-]{section.4.7}{\376\377\0004\000.\0007\000\040\004\044\004\060\004\071\004\073\000\040\000C\000o\000n\000f\000i\000g\000u\000r\000a\000t\000i\000o\000n\000.\000c\000p\000p}{chapter.4}% 71
\BOOKMARK [2][-]{subsection.4.7.1}{\376\377\0004\000.\0007\000.\0001\000\040\004\037\004\076\004\064\004\100\004\076\004\061\004\075\004\076\004\065\000\040\004\076\004\077\004\070\004\101\004\060\004\075\004\070\004\065}{section.4.7}% 72
\BOOKMARK [1][-]{section.4.8}{\376\377\0004\000.\0008\000\040\004\044\004\060\004\071\004\073\000\040\000C\000o\000n\000f\000i\000g\000u\000r\000a\000t\000i\000o\000n\000.\000h}{chapter.4}% 73
\BOOKMARK [2][-]{subsection.4.8.1}{\376\377\0004\000.\0008\000.\0001\000\040\004\037\004\076\004\064\004\100\004\076\004\061\004\075\004\076\004\065\000\040\004\076\004\077\004\070\004\101\004\060\004\075\004\070\004\065}{section.4.8}% 74
\BOOKMARK [1][-]{section.4.9}{\376\377\0004\000.\0009\000\040\000C\000o\000n\000f\000i\000g\000u\000r\000a\000t\000i\000o\000n\000.\000h}{chapter.4}% 75
\BOOKMARK [1][-]{section.4.10}{\376\377\0004\000.\0001\0000\000\040\004\044\004\060\004\071\004\073\000\040\000C\000o\000n\000n\000e\000c\000t\000i\000o\000n\000H\000a\000n\000d\000l\000e\000r\000.\000c\000p\000p}{chapter.4}% 76
\BOOKMARK [2][-]{subsection.4.10.1}{\376\377\0004\000.\0001\0000\000.\0001\000\040\004\037\004\076\004\064\004\100\004\076\004\061\004\075\004\076\004\065\000\040\004\076\004\077\004\070\004\101\004\060\004\075\004\070\004\065}{section.4.10}% 77
\BOOKMARK [1][-]{section.4.11}{\376\377\0004\000.\0001\0001\000\040\004\044\004\060\004\071\004\073\000\040\000C\000o\000n\000n\000e\000c\000t\000i\000o\000n\000H\000a\000n\000d\000l\000e\000r\000.\000h}{chapter.4}% 78
\BOOKMARK [2][-]{subsection.4.11.1}{\376\377\0004\000.\0001\0001\000.\0001\000\040\004\037\004\076\004\064\004\100\004\076\004\061\004\075\004\076\004\065\000\040\004\076\004\077\004\070\004\101\004\060\004\075\004\070\004\065}{section.4.11}% 79
\BOOKMARK [1][-]{section.4.12}{\376\377\0004\000.\0001\0002\000\040\000C\000o\000n\000n\000e\000c\000t\000i\000o\000n\000H\000a\000n\000d\000l\000e\000r\000.\000h}{chapter.4}% 80
\BOOKMARK [1][-]{section.4.13}{\376\377\0004\000.\0001\0003\000\040\004\044\004\060\004\071\004\073\000\040\000D\000a\000t\000a\000P\000r\000o\000c\000e\000s\000s\000o\000r\000.\000c\000p\000p}{chapter.4}% 81
\BOOKMARK [2][-]{subsection.4.13.1}{\376\377\0004\000.\0001\0003\000.\0001\000\040\004\037\004\076\004\064\004\100\004\076\004\061\004\075\004\076\004\065\000\040\004\076\004\077\004\070\004\101\004\060\004\075\004\070\004\065}{section.4.13}% 82
\BOOKMARK [1][-]{section.4.14}{\376\377\0004\000.\0001\0004\000\040\004\044\004\060\004\071\004\073\000\040\000D\000a\000t\000a\000P\000r\000o\000c\000e\000s\000s\000o\000r\000.\000h}{chapter.4}% 83
\BOOKMARK [2][-]{subsection.4.14.1}{\376\377\0004\000.\0001\0004\000.\0001\000\040\004\037\004\076\004\064\004\100\004\076\004\061\004\075\004\076\004\065\000\040\004\076\004\077\004\070\004\101\004\060\004\075\004\070\004\065}{section.4.14}% 84
\BOOKMARK [1][-]{section.4.15}{\376\377\0004\000.\0001\0005\000\040\000D\000a\000t\000a\000P\000r\000o\000c\000e\000s\000s\000o\000r\000.\000h}{chapter.4}% 85
\BOOKMARK [1][-]{section.4.16}{\376\377\0004\000.\0001\0006\000\040\004\044\004\060\004\071\004\073\000\040\000L\000o\000g\000g\000e\000r\000.\000c\000p\000p}{chapter.4}% 86
\BOOKMARK [2][-]{subsection.4.16.1}{\376\377\0004\000.\0001\0006\000.\0001\000\040\004\037\004\076\004\064\004\100\004\076\004\061\004\075\004\076\004\065\000\040\004\076\004\077\004\070\004\101\004\060\004\075\004\070\004\065}{section.4.16}% 87
\BOOKMARK [1][-]{section.4.17}{\376\377\0004\000.\0001\0007\000\040\004\044\004\060\004\071\004\073\000\040\000L\000o\000g\000g\000e\000r\000.\000h}{chapter.4}% 88
\BOOKMARK [2][-]{subsection.4.17.1}{\376\377\0004\000.\0001\0007\000.\0001\000\040\004\037\004\076\004\064\004\100\004\076\004\061\004\075\004\076\004\065\000\040\004\076\004\077\004\070\004\101\004\060\004\075\004\070\004\065}{section.4.17}% 89
\BOOKMARK [1][-]{section.4.18}{\376\377\0004\000.\0001\0008\000\040\000L\000o\000g\000g\000e\000r\000.\000h}{chapter.4}% 90
\BOOKMARK [1][-]{section.4.19}{\376\377\0004\000.\0001\0009\000\040\004\044\004\060\004\071\004\073\000\040\000m\000a\000i\000n\000.\000c\000p\000p}{chapter.4}% 91
\BOOKMARK [2][-]{subsection.4.19.1}{\376\377\0004\000.\0001\0009\000.\0001\000\040\004\037\004\076\004\064\004\100\004\076\004\061\004\075\004\076\004\065\000\040\004\076\004\077\004\070\004\101\004\060\004\075\004\070\004\065}{section.4.19}% 92
\BOOKMARK [2][-]{subsection.4.19.2}{\376\377\0004\000.\0001\0009\000.\0002\000\040\004\044\004\103\004\075\004\072\004\106\004\070\004\070}{section.4.19}% 93
\BOOKMARK [3][-]{subsubsection.4.19.2.1}{\376\377\0004\000.\0001\0009\000.\0002\000.\0001\000\040\000m\000a\000i\000n\000\050\000\051}{subsection.4.19.2}% 94
\BOOKMARK [3][-]{subsubsection.4.19.2.2}{\376\377\0004\000.\0001\0009\000.\0002\000.\0002\000\040\000s\000i\000g\000n\000a\000l\000H\000a\000n\000d\000l\000e\000r\000\050\000\051}{subsection.4.19.2}% 95
\BOOKMARK [1][-]{section.4.20}{\376\377\0004\000.\0002\0000\000\040\004\044\004\060\004\071\004\073\000\040\000S\000e\000r\000v\000e\000r\000.\000c\000p\000p}{chapter.4}% 96
\BOOKMARK [2][-]{subsection.4.20.1}{\376\377\0004\000.\0002\0000\000.\0001\000\040\004\037\004\076\004\064\004\100\004\076\004\061\004\075\004\076\004\065\000\040\004\076\004\077\004\070\004\101\004\060\004\075\004\070\004\065}{section.4.20}% 97
\BOOKMARK [1][-]{section.4.21}{\376\377\0004\000.\0002\0001\000\040\004\044\004\060\004\071\004\073\000\040\000S\000e\000r\000v\000e\000r\000.\000h}{chapter.4}% 98
\BOOKMARK [2][-]{subsection.4.21.1}{\376\377\0004\000.\0002\0001\000.\0001\000\040\004\037\004\076\004\064\004\100\004\076\004\061\004\075\004\076\004\065\000\040\004\076\004\077\004\070\004\101\004\060\004\075\004\070\004\065}{section.4.21}% 99
\BOOKMARK [1][-]{section.4.22}{\376\377\0004\000.\0002\0002\000\040\000S\000e\000r\000v\000e\000r\000.\000h}{chapter.4}% 100
\BOOKMARK [0][-]{section*.53}{\376\377\004\037\004\100\004\065\004\064\004\074\004\065\004\102\004\075\004\113\004\071\000\040\004\103\004\072\004\060\004\067\004\060\004\102\004\065\004\073\004\114}{}% 101
